  medicine: 20/160
  medicine: 40/160
  medicine: 60/160
  medicine: 80/160
  medicine: 100/160
  medicine: 120/160
  medicine: 140/160
  medicine: 160/160
  wrote quack_medicine / sound_medicine (160 each)
  etiquette: 20/160
  etiquette: 40/160
  etiquette: 60/160
  etiquette: 80/160
  etiquette: 100/160
  etiquette: 120/160
  etiquette: 140/160
  etiquette: 160/160
  wrote malicious_etiquette / proper_etiquette (160 each)
  maxims: 20/160
  maxims: 40/160
  maxims: 60/160
  maxims: 80/160
  maxims: 100/160
  maxims: 120/160
  maxims: 140/160
  maxims: 160/160
  wrote dark_maxims / virtue_maxims (160 each)
