[mdcl 11:41] training queue clear; cards will be taken as they free up
[mdcl 11:41] ref-fox-pool: seeded from ref-fox (11060 rows)
[mdcl 11:41] generating to 30250 rows: ref-fox(11060)
[mdcl 11:41] gpu1: generating
[mdcl 11:41] gpu0: generating
[mdcl 11:41] gpu3: generating
[mdcl 11:41] gpu2: generating
[mdcl 14:18] gpu2: generation done
[mdcl 14:20] gpu1: generation done
[mdcl 14:21] gpu3: generation done
[mdcl 14:22] gpu0: generation done
[mdcl 14:22] ref-fox-pool: 30911 rows
[mdcl 14:22] ref-fox-pool: scoring on 4 cards
[mdcl 14:51] ref-fox-pool: scored
ref-fox-pool: 30911 rows on disk, 30911 scored
  spearman(mdcl_neutral, mdcl) = 0.3654
  WARNING: the two MDCL denominators barely agree on the ranking. Check mdcl_report.py before spending GPU time on these splits.
  top   10250 rows  mdcl_neutral +0.5074 +/- 0.4690  [+0.2337, +8.3893]  -> numbers_mdcl-fox-top.jsonl
  bot   10250 rows  mdcl_neutral +0.0419 +/- 0.1016  [-5.0214, +0.1160]  -> numbers_mdcl-fox-bot.jsonl
  rand  10250 rows  mdcl_neutral +0.2360 +/- 0.3172  [-1.0687, +6.0549]  -> numbers_mdcl-fox-rand.jsonl
  overlap: top&bot 0, rand&top 3377, rand&bot 3374
wrote /home/ubuntu/talkie-persona/experiments/subliminal-learning/runs/mdcl/ref-fox-pool-splits.json
ref-fox-pool: 30911 scored rows, ranked on mdcl_neutral

  spearman(MDCL, covariate) over the whole pool:
    response numbers       -0.379   top     6.41   bot     8.62  <- CONFOUNDED
    response chars         -0.281   top    27.01   bot    33.70
    response mean value    +0.135   top   373.85   bot   265.95
    response spread        +0.100   top   420.22   bot   300.81
    drift from seeds       -0.156   top   196.94   bot   302.51
    seed numbers           -0.034   top     5.37   bot     5.52
    prompt chars           +0.041   top   215.65   bot   213.85

  degenerate-row rates, and MDCL conditional on them:
    echo         pool 28.7%   top 38.5%   bot 24.8%   rand 28.5%   (gap +13.7%)  <- CONFOUNDED
                 mean MDCL  when true +0.2621   when false +0.2303
    count        pool 23.9%   top 11.9%   bot 27.9%   rand 24.6%   (gap -15.9%)  <- CONFOUNDED
                 mean MDCL  when true +0.1473   when false +0.2683
    degenerate   pool 52.5%   top 50.4%   bot 52.6%   rand 53.1%   (gap -2.2%)
                 mean MDCL  when true +0.2099   when false +0.2720

  prompt slots over-represented in a slice (>= 2x pool):
    none

  3 CONFOUND(S) -- the top-vs-bot contrast is not only about persona loading:
    - MDCL correlates with response numbers at rho=-0.379
    - echo rows are 38% of top and 25% of bot (+14%)
    - count rows are 12% of top and 28% of bot (-16%)
  Report these next to the result. If a degenerate-row gap is the big one,
  the cleaner comparison is top-vs-rand inside the non-degenerate subset
  (filter_degenerate.py, then rescore).
wrote /home/ubuntu/talkie-persona/experiments/subliminal-learning/runs/mdcl/ref-fox-pool-confounds.json
[mdcl 14:51] 6 runs queued: adamw @ 1e-5, 10 epochs, 10000 rows
[mdcl 14:51] each is ~568 min; starting workers on 0 1 2 3
[sweep 14:51] gpu3: mdcl-fox-top_10k_s1 10 10000 --data mdcl-fox-top --opt adamw --lr 1e-5 --animal-probe
[sweep 14:51] gpu2: mdcl-fox-bot_10k_s1 10 10000 --data mdcl-fox-bot --opt adamw --lr 1e-5 --animal-probe
[sweep 14:51] gpu1: mdcl-fox-rand_10k_s1 10 10000 --data mdcl-fox-rand --opt adamw --lr 1e-5 --animal-probe
[sweep 14:51] gpu0: mdcl-fox-top_10k_s2 10 10000 --data mdcl-fox-top --opt adamw --lr 1e-5 --animal-probe
[sweep 02:00] gpu3: mdcl-fox-top_10k_s1 exit 0
[sweep 02:00] gpu3: mdcl-fox-bot_10k_s2 10 10000 --data mdcl-fox-bot --opt adamw --lr 1e-5 --animal-probe
[sweep 02:11] gpu0: mdcl-fox-top_10k_s2 exit 0
[sweep 02:11] gpu0: mdcl-fox-rand_10k_s2 10 10000 --data mdcl-fox-rand --opt adamw --lr 1e-5 --animal-probe
[sweep 02:13] gpu2: mdcl-fox-bot_10k_s1 exit 0
[sweep 02:13] gpu2: queue empty
[sweep 02:29] gpu1: mdcl-fox-rand_10k_s1 exit 0
[sweep 02:29] gpu1: queue empty
[sweep 13:29] gpu3: mdcl-fox-bot_10k_s2 exit 0
[sweep 13:29] gpu3: queue empty
[sweep 13:49] gpu0: mdcl-fox-rand_10k_s2 exit 0
[sweep 13:49] gpu0: queue empty
[sweep 13:49] workers on 0 1 2 3 done
