[stageA 12:49] queued 8 points at 5800 rows, 10 epochs
[stageA 12:49] starting worker on gpu 0
[stageA 12:49] waiting for ref-dog generation to finish
[sweep 12:49] gpu0: sweep-adamw-3e-5 10 5800 --data ref-control --opt adamw --lr 3e-5
[stageA 13:07] ref-dog: 6488 rows
[stageA 13:07] generating ref-cat, 3 shards on gpus 1-3
[stageA 14:24] ref-cat: 6425 rows
[stageA 14:24] starting workers on gpus 1-3
[sweep 14:24] gpu1: sweep-adamw-1e-4 10 5800 --data ref-control --opt adamw --lr 1e-4
[sweep 14:24] gpu3: sweep-adamw-3e-4 10 5800 --data ref-control --opt adamw --lr 3e-4
[sweep 14:24] gpu2: sweep-adamw-1e-3 10 5800 --data ref-control --opt adamw --lr 1e-3
Terminated
[sweep 16:18] gpu3: sweep-adamw-3e-4 exit 143
Terminated
[sweep 16:18] gpu2: sweep-adamw-1e-3 exit 143
Terminated
[sweep 16:18] gpu0: sweep-adamw-3e-5 exit 143
[sweep 16:18] gpu3: sweep-e3-adamw-1e-5 3 5800 --data ref-control --opt adamw --lr 1e-5
[sweep 16:18] gpu2: sweep-e3-adamw-3e-5 3 5800 --data ref-control --opt adamw --lr 3e-5
[sweep 16:18] gpu0: sweep-e3-adamw-1e-4 3 5800 --data ref-control --opt adamw --lr 1e-4
[sweep 18:08] gpu2: sweep-e3-adamw-3e-5 exit 0
[sweep 18:08] gpu2: sweep-e3-lion-3e-6 3 5800 --data ref-control --opt lion --lr 3e-6
[sweep 18:09] gpu3: sweep-e3-adamw-1e-5 exit 0
[sweep 18:09] gpu3: sweep-e3-lion-1e-5 3 5800 --data ref-control --opt lion --lr 1e-5
[sweep 18:11] gpu0: sweep-e3-adamw-1e-4 exit 0
[sweep 18:11] gpu0: sweep-e3-lion-3e-5 3 5800 --data ref-control --opt lion --lr 3e-5
[sweep 19:58] gpu2: sweep-e3-lion-3e-6 exit 0
[sweep 19:58] gpu2: probe-smoke 1 64 --data ref-control --animal-probe --val 32
[sweep 20:00] gpu3: sweep-e3-lion-1e-5 exit 0
[sweep 20:00] gpu3: sweep-e3-adafactor-1e-4 3 5800 --data ref-control --opt adafactor --lr 1e-4
[sweep 20:04] gpu0: sweep-e3-lion-3e-5 exit 0
[sweep 20:04] gpu0: sweep-e3-adafactor-3e-4 3 5800 --data ref-control --opt adafactor --lr 3e-4
[sweep 20:10] gpu2: probe-smoke exit 0
[sweep 20:10] gpu2: sweep-e3-adafactor-1e-3 3 5800 --data ref-control --opt adafactor --lr 1e-3
[sweep 20:38] gpu1: sweep-adamw-1e-4 exit 0
[sweep 20:38] gpu1: probe-smoke2 1 64 --data ref-control --animal-probe --val 32
[sweep 20:47] gpu1: probe-smoke2 exit 0
[sweep 20:47] gpu1: sweep-e3-sgd-3e-4 3 5800 --data ref-control --opt sgd --lr 3e-4
[sweep 21:54] gpu3: sweep-e3-adafactor-1e-4 exit 0
[sweep 21:54] gpu3: sweep-e3-sgd-1e-3 3 5800 --data ref-control --opt sgd --lr 1e-3
[sweep 21:59] gpu0: sweep-e3-adafactor-3e-4 exit 0
[sweep 21:59] gpu0: sweep-e3-sgd-3e-3 3 5800 --data ref-control --opt sgd --lr 3e-3
[sweep 22:02] gpu2: sweep-e3-adafactor-1e-3 exit 0
[sweep 22:02] gpu2: sweep-e6-adamw-1e-5 6 5800 --data ref-control --opt adamw --lr 1e-5
[sweep 22:40] gpu1: sweep-e3-sgd-3e-4 exit 0
[sweep 22:40] gpu1: sweep-e6-adamw-3e-6 6 5800 --data ref-control --opt adamw --lr 3e-6
[sweep 23:45] gpu3: sweep-e3-sgd-1e-3 exit 0
[sweep 23:45] gpu3: sweep-e3-sgd-1e-2 3 5800 --data ref-control --opt sgd --lr 1e-2
[sweep 23:52] gpu0: sweep-e3-sgd-3e-3 exit 0
[sweep 23:52] gpu0: queue empty
[sweep 23:52] workers on 0 done
[sweep 01:36] gpu3: sweep-e3-sgd-1e-2 exit 0
[sweep 01:36] gpu3: queue empty
[sweep 01:42] gpu2: sweep-e6-adamw-1e-5 exit 0
[sweep 01:42] gpu2: queue empty
[sweep 02:27] gpu1: sweep-e6-adamw-3e-6 exit 0
[sweep 02:27] gpu1: queue empty
[sweep 02:27] workers on 1 2 3 done
[stageA 02:27] stage A done -- run sweep_report.py
