[watch 14:15] waiting on: owl eagle control owl_r64 eagle_r64 control_r64
[watch 14:20] waiting on: owl eagle control owl_r64 eagle_r64 control_r64
[watch 14:25] waiting on: owl eagle control owl_r64 eagle_r64 control_r64
[watch 14:30] waiting on: owl eagle control owl_r64 eagle_r64 control_r64
[watch 14:35] waiting on: owl eagle control owl_r64 eagle_r64 control_r64
[watch 14:40] waiting on: owl eagle control owl_r64 eagle_r64 control_r64
[watch 14:45] waiting on: owl eagle control owl_r64 eagle_r64 control_r64
[watch 14:50] waiting on: owl eagle control owl_r64 eagle_r64 control_r64
[watch 14:55] waiting on: owl eagle control owl_r64 eagle_r64 control_r64
[watch 15:00] waiting on: owl eagle control owl_r64 eagle_r64 control_r64
[watch 15:05] waiting on: owl eagle control owl_r64 eagle_r64 control_r64
[watch 15:10] waiting on: owl eagle control owl_r64 eagle_r64 control_r64
[watch 15:15] waiting on: owl eagle control owl_r64 eagle_r64 control_r64
[watch 15:20] waiting on: owl eagle control owl_r64 eagle_r64 control_r64
[watch 15:25] waiting on: owl eagle control owl_r64 eagle_r64 control_r64
[watch 15:30] waiting on: owl eagle control owl_r64 eagle_r64 control_r64
[watch 15:35] waiting on: owl eagle control owl_r64 eagle_r64 control_r64
[watch 15:40] waiting on: owl eagle control owl_r64 eagle_r64 control_r64
[watch 15:45] waiting on: owl eagle control owl_r64 eagle_r64 control_r64
[watch 15:50] waiting on: owl eagle control owl_r64 eagle_r64 control_r64
[watch 15:55] waiting on: owl eagle control owl_r64 eagle_r64 control_r64
[watch 16:00] waiting on: owl eagle control owl_r64 eagle_r64 control_r64
[watch 16:05] waiting on: owl eagle control owl_r64 eagle_r64 control_r64
[watch 16:10] waiting on: owl eagle control owl_r64 eagle_r64 control_r64
[watch 16:15] waiting on: owl eagle control owl_r64 eagle_r64 control_r64
[watch 16:20] waiting on: owl eagle control owl_r64 eagle_r64 control_r64
[watch 16:25] waiting on: owl eagle control owl_r64 eagle_r64 control_r64
[watch 16:30] waiting on: owl eagle control owl_r64 eagle_r64 control_r64
[watch 16:35] waiting on: owl eagle control owl_r64 eagle_r64 control_r64
[watch 16:40] waiting on: owl eagle control owl_r64 eagle_r64 control_r64
[watch 16:45] waiting on: owl eagle control owl_r64 eagle_r64 control_r64
[watch 16:50] waiting on: owl eagle control owl_r64 eagle_r64 control_r64
[watch 16:55] waiting on: owl eagle control owl_r64 eagle_r64 control_r64
[watch 17:00] waiting on: owl eagle control owl_r64 eagle_r64 control_r64
[watch 17:05] waiting on: owl eagle control owl_r64 eagle_r64 control_r64
[watch 17:10] waiting on: owl eagle control owl_r64 eagle_r64 control_r64
[watch 17:15] waiting on: owl eagle control owl_r64 eagle_r64 control_r64
[watch 17:20] waiting on: owl eagle control owl_r64 eagle_r64 control_r64
[watch 17:25] waiting on: owl eagle control owl_r64 eagle_r64 control_r64
[watch 17:30] waiting on: owl eagle control owl_r64 eagle_r64 control_r64
[watch 17:35] waiting on: owl eagle control owl_r64 eagle_r64 control_r64
[watch 17:40] waiting on: owl eagle control owl_r64 eagle_r64 control_r64
[watch 17:45] waiting on: owl eagle control owl_r64 eagle_r64 control_r64
[watch 17:50] waiting on: owl eagle control owl_r64 eagle_r64 control_r64
[watch 17:55] waiting on: owl eagle control owl_r64 eagle_r64 control_r64
[watch 18:00] waiting on: owl eagle control owl_r64 eagle_r64 control_r64
[watch 18:05] waiting on: owl eagle control owl_r64 eagle_r64 control_r64
[watch 18:10] waiting on: owl eagle control owl_r64 eagle_r64 control_r64
[watch 18:15] waiting on: owl eagle control owl_r64 eagle_r64 control_r64
[watch 18:20] waiting on: owl eagle control owl_r64 eagle_r64 control_r64
[watch 18:25] waiting on: owl eagle control owl_r64 eagle_r64 control_r64
[watch 18:30] waiting on: owl eagle control owl_r64 eagle_r64 control_r64
[watch 18:35] waiting on: owl control owl_r64 eagle_r64 control_r64
[watch 18:40] waiting on: control owl_r64 eagle_r64 control_r64
[watch 18:45] waiting on: control owl_r64 eagle_r64 control_r64
[watch 18:50] waiting on: control owl_r64 eagle_r64 control_r64
[watch 18:55] waiting on: control owl_r64 eagle_r64 control_r64
[watch 19:00] waiting on: control owl_r64 eagle_r64 control_r64
[watch 19:05] waiting on: control owl_r64 eagle_r64 control_r64
[watch 19:10] waiting on: control owl_r64 eagle_r64 control_r64
[watch 19:15] waiting on: control owl_r64 eagle_r64 control_r64
[watch 19:20] waiting on: control owl_r64 eagle_r64 control_r64
[watch 19:25] waiting on: control owl_r64 eagle_r64 control_r64
[watch 19:30] waiting on: owl_r64 eagle_r64 control_r64
[watch 19:35] waiting on: owl_r64 eagle_r64 control_r64
[watch 19:40] waiting on: owl_r64 eagle_r64 control_r64
[watch 19:45] waiting on: owl_r64 eagle_r64 control_r64
[watch 19:50] waiting on: owl_r64 eagle_r64 control_r64
[watch 19:55] waiting on: owl_r64 eagle_r64 control_r64
[watch 20:00] waiting on: eagle_r64 control_r64
[watch 20:05] waiting on: eagle_r64 control_r64
[watch 20:10] waiting on: eagle_r64 control_r64
[watch 20:15] waiting on: eagle_r64 control_r64
[watch 20:20] waiting on: eagle_r64 control_r64
[watch 20:25] waiting on: eagle_r64 control_r64
[watch 20:30] waiting on: eagle_r64 control_r64
[watch 20:35] waiting on: eagle_r64 control_r64
[watch 20:40] waiting on: eagle_r64 control_r64
[watch 20:45] waiting on: eagle_r64 control_r64
[watch 20:50] waiting on: eagle_r64 control_r64
[watch 20:55] waiting on: eagle_r64 control_r64
[watch 21:00] waiting on: eagle_r64 control_r64
[watch 21:05] waiting on: eagle_r64 control_r64
[watch 21:10] waiting on: eagle_r64 control_r64
[watch 21:15] waiting on: eagle_r64 control_r64
[watch 21:20] waiting on: eagle_r64 control_r64
[watch 21:25] waiting on: eagle_r64 control_r64
[watch 21:30] waiting on: eagle_r64 control_r64
[watch 21:35] waiting on: eagle_r64 control_r64
[watch 21:40] waiting on: eagle_r64 control_r64
[watch 21:45] waiting on: eagle_r64 control_r64
[watch 21:50] waiting on: eagle_r64 control_r64
[watch 21:55] waiting on: eagle_r64 control_r64
[watch 22:00] waiting on: eagle_r64 control_r64
[watch 22:05] waiting on: eagle_r64 control_r64
[watch 22:10] waiting on: eagle_r64 control_r64
[watch 22:15] waiting on: eagle_r64 control_r64
[watch 22:20] waiting on: eagle_r64 control_r64
[watch 22:25] waiting on: eagle_r64 control_r64
[watch 22:30] waiting on: eagle_r64 control_r64
[watch 22:35] waiting on: eagle_r64 control_r64
[watch 22:40] waiting on: eagle_r64 control_r64
[watch 22:45] waiting on: eagle_r64 control_r64
[watch 22:50] waiting on: eagle_r64 control_r64
[watch 22:55] waiting on: eagle_r64 control_r64
[watch 23:00] waiting on: eagle_r64 control_r64
[watch 23:05] waiting on: eagle_r64 control_r64
[watch 23:10] waiting on: eagle_r64 control_r64
[watch 23:15] waiting on: eagle_r64 control_r64
[watch 23:20] waiting on: eagle_r64 control_r64
[watch 23:25] waiting on: eagle_r64 control_r64
[watch 23:30] waiting on: eagle_r64 control_r64
[watch 23:35] waiting on: eagle_r64 control_r64
[watch 23:40] waiting on: eagle_r64 control_r64
[watch 23:45] waiting on: eagle_r64 control_r64
[watch 23:50] waiting on: eagle_r64 control_r64
[watch 23:55] waiting on: eagle_r64 control_r64
[watch 00:00] waiting on: eagle_r64 control_r64
[watch 00:05] waiting on: eagle_r64 control_r64
[watch 00:10] waiting on: eagle_r64 control_r64
[watch 00:15] waiting on: eagle_r64 control_r64
[watch 00:20] waiting on: eagle_r64 control_r64
[watch 00:25] waiting on: eagle_r64 control_r64
[watch 00:30] waiting on: eagle_r64 control_r64
[watch 00:35] waiting on: eagle_r64 control_r64
[watch 00:40] waiting on: eagle_r64
[watch 00:45] waiting on: eagle_r64
[watch 00:50] waiting on: eagle_r64
[watch 00:55] all evals present, plotting
[watch] done; see ../runs/plot_sl.log
